// Jest Snapshot v1, https://goo.gl/fbAQLP

exports[`Add to wishlist button component renders the Add to wishlist button if you supply a game 1`] = `null`;
