// Jest Snapshot v1, https://goo.gl/fbAQLP

exports[`Contribute Page component renders a Contribute Page component 1`] = `
<ContextProvider
  value={
    Object {
      "gamesList": Array [],
      "setGamesList": [Function],
    }
  }
>
  <ContributePage />
</ContextProvider>
`;
